POLL_PATHS_AND_COSTS_VERIFIED BTCUSDT
POLL_PATHS_AND_COSTS_VERIFIED ETHUSDT
POLL_PATHS_AND_COSTS_VERIFIED SOLUSDT
 poll_minutes            partition  stress  n     mean  stop_count  target_count  boundary_count
            0           historical       1 41 0.003529          18            23               0
            0           historical       2 41 0.000702          20            21               0
            0           evaluation       1 15 0.014097           3            12               0
            0           evaluation       2 15 0.010412           4            11               0
            0 reserved_replication       1  9 0.018015           1             8               0
            0 reserved_replication       2  9 0.017240           1             8               0
            1           historical       1 41 0.003819          19            22               0
            1           historical       2 41 0.000681          21            20               0
            1           evaluation       1 15 0.014942           3            12               0
            1           evaluation       2 15 0.008269           5            10               0
            1 reserved_replication       1  9 0.018227           1             8               0
            1 reserved_replication       2  9 0.013193           2             7               0
            5           historical       1 41 0.004303          18            23               0
            5           historical       2 41 0.002586          19            22               0
            5           evaluation       1 15 0.015569           3            12               0
            5           evaluation       2 15 0.011222           4            11               0
            5 reserved_replication       1  9 0.019805           1             8               0
            5 reserved_replication       2  9 0.014312           2             7               0
           15           historical       1 41 0.004321          18            23               0
           15           historical       2 41 0.003724          18            23               0
           15           evaluation       1 15 0.015187           3            12               0
           15           evaluation       2 15 0.010849           4            11               0
           15 reserved_replication       1  9 0.014538           2             7               0
           15 reserved_replication       2  9 0.013560           2             7               0
