CONTEXTS_RUNTIME_PATHS_COSTS_VERIFIED BTCUSDT {'independent_contexts': 61, 'runtime_frames': 2, 'runtime_hour_side_checks': 65808, 'runtime_850_hour_checks': 61}
CONTEXTS_RUNTIME_PATHS_COSTS_VERIFIED ETHUSDT {'independent_contexts': 48, 'runtime_frames': 2, 'runtime_hour_side_checks': 65808, 'runtime_850_hour_checks': 48}
CONTEXTS_RUNTIME_PATHS_COSTS_VERIFIED SOLUSDT {'independent_contexts': 34, 'runtime_frames': 2, 'runtime_hour_side_checks': 65808, 'runtime_850_hour_checks': 34}
{
  "status": "pass",
  "contexts": [
    {
      "symbol": "BTCUSDT",
      "independent_contexts": 61,
      "runtime_frames": 2,
      "runtime_hour_side_checks": 65808,
      "runtime_850_hour_checks": 61
    },
    {
      "symbol": "ETHUSDT",
      "independent_contexts": 48,
      "runtime_frames": 2,
      "runtime_hour_side_checks": 65808,
      "runtime_850_hour_checks": 48
    },
    {
      "symbol": "SOLUSDT",
      "independent_contexts": 34,
      "runtime_frames": 2,
      "runtime_hour_side_checks": 65808,
      "runtime_850_hour_checks": 34
    }
  ],
  "independent_minute_paths": 60,
  "independent_cost_rows": 120,
  "independent_admission_runs": 4,
  "ledger_rows": 112,
  "historical_opportunity_rows_reconciled": 120,
  "historical_admitted_rows_reconciled": 112,
  "scores_2026": false
}
